
> proyecto-viajes@0.0.0 build
> vite build

[36mrolldown-vite v7.2.5 [32mbuilding client environment for production...[36m[39m
[2Ktransforming...✓ 2579 modules transformed.
rendering chunks...
[33m[plugin builtin:reporter] 
(!) C:/proyecto-viajes/src/features/gamification/ui/TravelerHub.jsx is dynamically imported by C:/proyecto-viajes/src/app/router/AppRouter.jsx but also statically imported by C:/proyecto-viajes/src/features/gamification/ui/index.js, dynamic import will not move module into another chunk.
[39m
[33m[plugin builtin:reporter] 
(!) C:/proyecto-viajes/src/features/invitations/ui/InvitationsList.jsx is dynamically imported by C:/proyecto-viajes/src/app/router/AppRouter.jsx but also statically imported by C:/proyecto-viajes/src/features/invitations/ui/index.js, dynamic import will not move module into another chunk.
[39m
[33m[plugin builtin:reporter] 
(!) C:/proyecto-viajes/src/shared/firebase/index.js is dynamically imported by C:/proyecto-viajes/src/app/providers/AuthContext.jsx, C:/proyecto-viajes/src/main.jsx but also statically imported by C:/proyecto-viajes/src/app/providers/AuthContext.jsx, C:/proyecto-viajes/src/app/providers/UploadContext.jsx, C:/proyecto-viajes/src/features/invitations/api/invitationsService.js, C:/proyecto-viajes/src/features/invitations/model/useInvitations.js, C:/proyecto-viajes/src/features/invitations/ui/InvitationsList.jsx, C:/proyecto-viajes/src/features/viajes/editor/model/hooks/useEdicionCompanions.js, C:/proyecto-viajes/src/features/viajes/editor/model/hooks/useEdicionModalLifecycle.js, C:/proyecto-viajes/src/features/viajes/model/hooks/useViajes.js, C:/proyecto-viajes/src/features/viajes/viewer/hooks/useVisorViajeData.js, C:/proyecto-viajes/src/pages/settings/ui/SettingsPage.jsx, C:/proyecto-viajes/src/shared/lib/hooks/useGaleriaViaje.js, C:/proyecto-viajes/src/shared/ui/components/CuratedCoverPicker.jsx, dynamic import will not move module into another chunk.
[39m
computing gzip size...
dist/manifest.webmanifest                            0.61 kB
dist/index.html                                      1.85 kB │ gzip:   0.74 kB
dist/assets/sello_CHN-BJx3C5oT.png                 134.00 kB
dist/assets/sello_DEU-CSbQNVQq.png                 142.68 kB
dist/assets/sello_ARG-mhwsvLRz.png                 181.63 kB
dist/assets/landing-DS3MOcga.css                     0.36 kB │ gzip:   0.21 kB
dist/assets/TripsPage-DbXa_cGM.css                   1.36 kB │ gzip:   0.59 kB
dist/assets/index-BBngAvRO.css                       2.47 kB │ gzip:   0.94 kB
dist/assets/vendor-map-CQ3wR81S.css                 38.65 kB │ gzip:   5.44 kB
dist/assets/mapbox-gl-BwPwRauE.js                    0.06 kB │ gzip:   0.08 kB
dist/assets/confetti.module-BOP_w64f.js              0.06 kB │ gzip:   0.08 kB
dist/assets/workbox-window.prod.es5-DZdNFk3-.js      0.08 kB │ gzip:   0.09 kB
dist/assets/firebase-BHq7X0Bs.js                     0.12 kB │ gzip:   0.12 kB
dist/assets/TravelerHub-VeJENIcE.js                  0.20 kB │ gzip:   0.15 kB
dist/assets/InvitationsList-DyuzWMgt.js              0.23 kB │ gzip:   0.16 kB
dist/assets/useDebounce-RBpMIWKM.js                  0.23 kB │ gzip:   0.18 kB
dist/assets/EdicionModal-D2jAiAAS.js                 0.24 kB │ gzip:   0.17 kB
dist/assets/MapaView-DA67N-4s.js                     0.27 kB │ gzip:   0.18 kB
dist/assets/index.esm-DUW2sROF.js                    0.36 kB │ gzip:   0.21 kB
dist/assets/index.esm-t6OO6uR9.js                    0.48 kB │ gzip:   0.28 kB
dist/assets/rolldown-runtime-GyhWBpbT.js             0.75 kB │ gzip:   0.43 kB
dist/assets/useLogStats-V5YS1m20.js                  1.40 kB │ gzip:   0.77 kB
dist/assets/CoverPickerModal-DnnA9Ayl.js             2.94 kB │ gzip:   1.31 kB
dist/assets/EdicionModal-BfZ68iol.js                 3.89 kB │ gzip:   1.73 kB
dist/assets/TripCard-D3bFOYJM.js                     5.54 kB │ gzip:   2.42 kB
dist/assets/VisorViaje-w_oqoJ3l.js                   7.86 kB │ gzip:   3.22 kB
dist/assets/MapaView-BhOepssu.js                     7.91 kB │ gzip:   3.25 kB
dist/assets/SearchModal-D_4h8dPS.js                  8.12 kB │ gzip:   3.11 kB
dist/assets/SearchPalette-BvFH1Lvw.js                9.77 kB │ gzip:   3.80 kB
dist/assets/EditorFocusPanel-DhBdhzhk.js            10.57 kB │ gzip:   3.73 kB
dist/assets/TripsPage-BmoGOO3P.js                   12.37 kB │ gzip:   3.83 kB
dist/assets/SettingsPage-CMa7jKs8.js                14.00 kB │ gzip:   4.10 kB
dist/assets/DashboardPage-CF-qsnqT.js               14.02 kB │ gzip:   4.77 kB
dist/assets/landing-BR-QSwC_.js                     25.77 kB │ gzip:   7.26 kB
dist/assets/vendor-motion-BGKmWwF-.js               38.17 kB │ gzip:  13.41 kB
dist/assets/vendor-react-D7LdbcbE.js               189.78 kB │ gzip:  60.27 kB
dist/assets/index-D9u_AbZ5.js                      293.68 kB │ gzip:  85.18 kB
dist/assets/vendor-misc-DSDlcfOO.js                338.91 kB │ gzip: 112.17 kB
dist/assets/vendor-firebase-DD5B09Wb.js            379.52 kB │ gzip: 116.29 kB
dist/assets/vendor-map-C3JvOX_a.js               1,675.53 kB │ gzip: 457.04 kB
[32m✓ built in 3.78s[39m
[33m[plugin builtin:reporter] 
(!) Some chunks are larger than 500 kB after minification. Consider:
- Using dynamic import() to code-split the application
- Use build.rollupOptions.output.manualChunks to improve chunking: https://rollupjs.org/configuration-options/#output-manualchunks
- Adjust chunk size limit for this warning via build.chunkSizeWarningLimit.[39m

PWA v1.2.0
mode      generateSW
precache  49 entries (3469.52 KiB)
files generated
  dist/sw.js
  dist/workbox-1d305bb8.js
